# @generated
# To regenerate, run:
# ```
# STARLARK_RUST_REGENERATE_GOLDEN_TESTS=1 cargo test -p starlark --lib tests
# ```

Code:
def test():
    accepts_iterable([1, ()])

No errors.

Compiler typechecker (eval):
No errors.
