# @generated
# To regenerate, run:
# ```
# STARLARK_RUST_REGENERATE_GOLDEN_TESTS=1 cargo test -p starlark --lib tests
# ```

Code:
def foo(x: [str, "unknown"], y: ["unknown", str]):
    x()
    y()

No errors.

Compiler typechecker (eval):
No errors.
