# @generated
# To regenerate, run:
# ```
# STARLARK_RUST_REGENERATE_GOLDEN_TESTS=1 cargo test -p starlark --lib tests
# ```

Code:
x = {}
x.setdefault(33, "x")
y = x[44]

No errors.

Types:
y: typing.Never
