# @generated
# To regenerate, run:
# ```
# STARLARK_RUST_REGENERATE_GOLDEN_TESTS=1 cargo test -p starlark --lib tests
# ```

Code:
def foo(x: str.type) -> str.type:
    return x.removeprefix("test")
y = hash(foo("magic"))

No errors.

Types:
y: int
