# @generated
# To regenerate, run:
# ```
# STARLARK_RUST_REGENERATE_GOLDEN_TESTS=1 cargo test -p starlark --lib tests
# ```

Code:
def foo(*args: str, **kwargs: int):
    pass

No errors.

Types:
args: tuple
kwargs: dict[str, int]
